Field slice: <SIM_JSON_PATH>
  field cure  plane xy  index 0  z=0.000mm  dims 4x4  units "mJ/cm²"

Stats (all voxels):
     count            16
   nonzero            15
       min        0.0000
       max        7.5000
      mean        3.7500
       p95        7.5000
       p99        7.5000

Histogram (5 bins):
  [    0.0000,     1.5000)         3  ##############################
  [    1.5000,     3.0000)         3  ##############################
  [    3.0000,     4.5000)         3  ##############################
  [    4.5000,     6.0000)         3  ##############################
  [    6.0000,     7.5000)         4  ########################################
